[    0.000000] Initializing cgroup subsys cpuset
[    0.000000] Initializing cgroup subsys cpu
[    0.000000] Initializing cgroup subsys cpuacct
[    0.000000] Linux version 4.4.0-210-generic (buildd@lgw01-amd64-009) (gcc version 5.4.0 20160609 (Ubuntu 5.4.0-6ubuntu1~16.04.12) ) #242-Ubuntu SMP Fri Apr 16 09:57:56 UTC 2021 (Ubuntu 4.4.0-210.242-generic 4.4.262)
[    0.000000] Command line: BOOT_IMAGE=/boot/vmlinuz-4.4.0-210-generic root=LABEL=cloudimg-rootfs ro console=tty1 console=ttyS0
[    0.000000] KERNEL supported cpus:
[    0.000000]   Intel GenuineIntel
[    0.000000]   AMD AuthenticAMD
[    0.000000]   Centaur CentaurHauls
[    0.000000] x86/fpu: Legacy x87 FPU detected.
[    0.000000] e820: BIOS-provided physical RAM map:
[    0.000000] BIOS-e820: [mem 0x0000000000000000-0x000000000009fbff] usable
[    0.000000] BIOS-e820: [mem 0x000000000009fc00-0x000000000009ffff] reserved
[    0.000000] BIOS-e820: [mem 0x00000000000f0000-0x00000000000fffff] reserved
[    0.000000] BIOS-e820: [mem 0x0000000000100000-0x000000003ffeffff] usable
[    0.000000] BIOS-e820: [mem 0x000000003fff0000-0x000000003fffffff] ACPI data
[    0.000000] BIOS-e820: [mem 0x00000000fec00000-0x00000000fec00fff] reserved
[    0.000000] BIOS-e820: [mem 0x00000000fee00000-0x00000000fee00fff] reserved
[    0.000000] BIOS-e820: [mem 0x00000000fffc0000-0x00000000ffffffff] reserved
[    0.000000] NX (Execute Disable) protection: active
[    0.000000] SMBIOS 2.5 present.
[    0.000000] Hypervisor detected: KVM
[    0.000000] Kernel/User page tables isolation: disabled
[    0.000000] e820: last_pfn = 0x3fff0 max_arch_pfn = 0x400000000
[    0.000000] MTRR: Disabled
[    0.000000] x86/PAT: MTRRs disabled, skipping PAT initialization too.
[    0.000000] CPU MTRRs all blank - virtualized system.
[    0.000000] x86/PAT: Configuration [0-7]: WB  WT  UC- UC  WB  WT  UC- UC  
[    0.000000] found SMP MP-table at [mem 0x0009fff0-0x0009ffff] mapped at [ffff88000009fff0]
[    0.000000] Scanning 1 areas for low memory corruption
[    0.000000] RAMDISK: [mem 0x362dc000-0x37165fff]
[    0.000000] ACPI: Early table checksum verification disabled
[    0.000000] ACPI: RSDP 0x00000000000E0000 000024 (v02 VBOX  )
[    0.000000] ACPI: XSDT 0x000000003FFF0030 00003C (v01 VBOX   VBOXXSDT 00000001 ASL  00000061)
[    0.000000] ACPI: FACP 0x000000003FFF00F0 0000F4 (v04 VBOX   VBOXFACP 00000001 ASL  00000061)
[    0.000000] ACPI: DSDT 0x000000003FFF0610 002353 (v02 VBOX   VBOXBIOS 00000002 INTL 20100528)
[    0.000000] ACPI: FACS 0x000000003FFF0200 000040
[    0.000000] ACPI: FACS 0x000000003FFF0200 000040
[    0.000000] ACPI: APIC 0x000000003FFF0240 00005C (v02 VBOX   VBOXAPIC 00000001 ASL  00000061)
[    0.000000] ACPI: SSDT 0x000000003FFF02A0 00036C (v01 VBOX   VBOXCPUT 00000002 INTL 20100528)
[    0.000000] No NUMA configuration found
[    0.000000] Faking a node at [mem 0x0000000000000000-0x000000003ffeffff]
[    0.000000] NODE_DATA(0) allocated [mem 0x3ffeb000-0x3ffeffff]
[    0.000000] kvm-clock: Using msrs 4b564d01 and 4b564d00
[    0.000000] kvm-clock: cpu 0, msr 0:3ffe3001, primary cpu clock
[    0.000000] kvm-clock: using sched offset of 4316632593 cycles
[    0.000000] clocksource: kvm-clock: mask: 0xffffffffffffffff max_cycles: 0x1cd42e4dffb, max_idle_ns: 881590591483 ns
[    0.000000] Zone ranges:
[    0.000000]   DMA      [mem 0x0000000000001000-0x0000000000ffffff]
[    0.000000]   DMA32    [mem 0x0000000001000000-0x000000003ffeffff]
[    0.000000]   Normal   empty
[    0.000000]   Device   empty
[    0.000000] Movable zone start for each node
[    0.000000] Early memory node ranges
[    0.000000]   node   0: [mem 0x0000000000001000-0x000000000009efff]
[    0.000000]   node   0: [mem 0x0000000000100000-0x000000003ffeffff]
[    0.000000] Initmem setup node 0 [mem 0x0000000000001000-0x000000003ffeffff]
[    0.000000] ACPI: PM-Timer IO Port: 0x4008
[    0.000000] IOAPIC[0]: apic_id 2, version 32, address 0xfec00000, GSI 0-23
[    0.000000] ACPI: INT_SRC_OVR (bus 0 bus_irq 0 global_irq 2 dfl dfl)
[    0.000000] ACPI: INT_SRC_OVR (bus 0 bus_irq 9 global_irq 9 low level)
[    0.000000] Using ACPI (MADT) for SMP configuration information
[    0.000000] smpboot: Allowing 2 CPUs, 0 hotplug CPUs
[    0.000000] PM: Registered nosave memory: [mem 0x00000000-0x00000fff]
[    0.000000] PM: Registered nosave memory: [mem 0x0009f000-0x0009ffff]
[    0.000000] PM: Registered nosave memory: [mem 0x000a0000-0x000effff]
[    0.000000] PM: Registered nosave memory: [mem 0x000f0000-0x000fffff]
[    0.000000] e820: [mem 0x40000000-0xfebfffff] available for PCI devices
[    0.000000] Booting paravirtualized kernel on KVM
[    0.000000] clocksource: refined-jiffies: mask: 0xffffffff max_cycles: 0xffffffff, max_idle_ns: 7645519600211568 ns
[    0.000000] setup_percpu: NR_CPUS:512 nr_cpumask_bits:512 nr_cpu_ids:2 nr_node_ids:1
[    0.000000] PERCPU: Embedded 33 pages/cpu @ffff88003fc00000 s95192 r8192 d31784 u1048576
[    0.000000] Built 1 zonelists in Node order, mobility grouping on.  Total pages: 257912
[    0.000000] Policy zone: DMA32
[    0.000000] Kernel command line: BOOT_IMAGE=/boot/vmlinuz-4.4.0-210-generic root=LABEL=cloudimg-rootfs ro console=tty1 console=ttyS0
[    0.000000] PID hash table entries: 4096 (order: 3, 32768 bytes)
[    0.000000] Memory: 997792K/1048120K available (8644K kernel code, 1332K rwdata, 4044K rodata, 1492K init, 1164K bss, 50328K reserved, 0K cma-reserved)
[    0.000000] SLUB: HWalign=64, Order=0-3, MinObjects=0, CPUs=2, Nodes=1
[    0.000000] Hierarchical RCU implementation.
[    0.000000] 	Build-time adjustment of leaf fanout to 64.
[    0.000000] 	RCU restricting CPUs from NR_CPUS=512 to nr_cpu_ids=2.
[    0.000000] RCU: Adjusting geometry for rcu_fanout_leaf=64, nr_cpu_ids=2
[    0.000000] NR_IRQS:33024 nr_irqs:440 16
[    0.000000] Console: colour VGA+ 80x25
[    0.000000] console [tty1] enabled
[    0.000000] console [ttyS0] enabled
[    0.000000] tsc: Detected 2803.198 MHz processor
[    0.692149] Calibrating delay loop (skipped) preset value.. 5606.39 BogoMIPS (lpj=11212792)
[    0.712501] pid_max: default: 32768 minimum: 301
[    0.723912] ACPI: Core revision 20150930
[    0.734090] ACPI: 2 ACPI AML tables successfully acquired and loaded
[    0.763322] Security Framework initialized
[    0.776661] Yama: becoming mindful.
[    0.788809] AppArmor: AppArmor initialized
[    0.803760] Dentry cache hash table entries: 131072 (order: 8, 1048576 bytes)
[    0.827777] Inode-cache hash table entries: 65536 (order: 7, 524288 bytes)
[    0.850106] Mount-cache hash table entries: 2048 (order: 2, 16384 bytes)
[    0.865390] Mountpoint-cache hash table entries: 2048 (order: 2, 16384 bytes)
[    0.884267] Initializing cgroup subsys io
[    0.898347] Initializing cgroup subsys memory
[    0.907276] Initializing cgroup subsys devices
[    0.911953] Initializing cgroup subsys freezer
[    0.918100] Initializing cgroup subsys net_cls
[    0.931990] Initializing cgroup subsys perf_event
[    0.943256] Initializing cgroup subsys net_prio
[    0.957966] Initializing cgroup subsys hugetlb
[    0.970014] Initializing cgroup subsys pids
[    1.011890] mce: CPU supports 0 MCE banks
[    1.022880] Last level iTLB entries: 4KB 0, 2MB 0, 4MB 0
[    1.033831] Last level dTLB entries: 4KB 0, 2MB 0, 4MB 0, 1GB 0
[    1.048080] Spectre V1 : Mitigation: usercopy/swapgs barriers and __user pointer sanitization
[    1.081944] Spectre V2 : Mitigation: Enhanced IBRS
[    1.094340] Spectre V2 : Spectre v2 / SpectreRSB mitigation: Filling RSB on context switch
[    1.121469] Speculative Store Bypass: Vulnerable
[    1.224558] Freeing SMP alternatives memory: 36K
[    1.419726] ftrace: allocating 32380 entries in 127 pages
[    2.502650] smpboot: APIC(0) Converting physical 0 to logical package 0
[    2.520322] smpboot: Max logical packages: 1
[    2.554250] ..TIMER: vector=0x30 apic1=0 pin1=2 apic2=-1 pin2=-1
[    2.678086] smpboot: CPU0: 11th Gen Intel(R) Core(TM) i7-1165G7 @ 2.80GHz (family: 0x6, model: 0x8c, stepping: 0x1)
[    2.696144] Performance Events: unsupported p6 CPU model 140 no PMU driver, software events only.
[    2.888249] KVM setup paravirtual spinlock
[    2.899890] x86: Booting SMP configuration:
[    2.906392] .... node  #0, CPUs:      #1
[    2.921045] kvm-clock: cpu 1, msr 0:3ffe3041, secondary cpu clock
[    2.962487] mce: CPU supports 0 MCE banks
[    2.971398] TSC synchronization [CPU#0 -> CPU#1]:
[    2.981042] Measured 84536 cycles TSC warp between CPUs, turning off TSC clock.
[    2.990745] tsc: Marking TSC unstable due to check_tsc_sync_source failed
[    0.853226] x86: Booted up 1 node, 2 CPUs
[    0.856003] smpboot: Total of 2 processors activated (11212.79 BogoMIPS)
[    0.872008] devtmpfs: initialized
[    0.878304] evm: security.selinux
[    0.880008] evm: security.SMACK64
[    0.884002] evm: security.SMACK64EXEC
[    0.888004] evm: security.SMACK64TRANSMUTE
[    0.892002] evm: security.SMACK64MMAP
[    0.896006] evm: security.ima
[    0.900001] evm: security.capability
[    0.908236] clocksource: jiffies: mask: 0xffffffff max_cycles: 0xffffffff, max_idle_ns: 7645041785100000 ns
[    0.912011] futex hash table entries: 512 (order: 3, 32768 bytes)
[    0.916307] pinctrl core: initialized pinctrl subsystem
[    0.924413] RTC time:  9:05:09, date: 11/29/23
[    0.932863] NET: Registered protocol family 16
[    0.952013] cpuidle: using governor ladder
[    0.968011] cpuidle: using governor menu
[    0.972216] PCCT header not found.
[    0.976303] ACPI: bus type PCI registered
[    0.980007] acpiphp: ACPI Hot Plug PCI Controller Driver version: 0.5
[    0.984734] PCI: Using configuration type 1 for base access
[    1.008181] ACPI: Added _OSI(Module Device)
[    1.012007] ACPI: Added _OSI(Processor Device)
[    1.016005] ACPI: Added _OSI(3.0 _SCP Extensions)
[    1.020006] ACPI: Added _OSI(Processor Aggregator Device)
[    1.025955] ACPI: Executed 1 blocks of module-level executable AML code
[    1.040164] ACPI: Interpreter enabled
[    1.044016] ACPI: (supports S0 S5)
[    1.048004] ACPI: Using IOAPIC for interrupt routing
[    1.056737] PCI: Using host bridge windows from ACPI; if necessary, use "pci=nocrs" and report a bug
[    1.066455] ACPI: PCI Root Bridge [PCI0] (domain 0000 [bus 00-ff])
[    1.068011] acpi PNP0A03:00: _OSC: OS supports [ASPM ClockPM Segments MSI]
[    1.072541] acpi PNP0A03:00: _OSC: not requesting OS control; OS requires [ExtendedConfig ASPM ClockPM MSI]
[    1.080018] acpi PNP0A03:00: fail to add MMCONFIG information, can't access extended PCI configuration space under this bridge.
[    1.085186] PCI host bridge to bus 0000:00
[    1.088005] pci_bus 0000:00: root bus resource [io  0x0000-0x0cf7 window]
[    1.092003] pci_bus 0000:00: root bus resource [io  0x0d00-0xffff window]
[    1.096004] pci_bus 0000:00: root bus resource [mem 0x000a0000-0x000bffff window]
[    1.100005] pci_bus 0000:00: root bus resource [mem 0x40000000-0xfdffffff window]
[    1.104004] pci_bus 0000:00: root bus resource [bus 00-ff]
[    1.118685] pci 0000:00:01.1: legacy IDE quirk: reg 0x10: [io  0x01f0-0x01f7]
[    1.120010] pci 0000:00:01.1: legacy IDE quirk: reg 0x14: [io  0x03f6]
[    1.124011] pci 0000:00:01.1: legacy IDE quirk: reg 0x18: [io  0x0170-0x0177]
[    1.128020] pci 0000:00:01.1: legacy IDE quirk: reg 0x1c: [io  0x0376]
[    1.169673] pci 0000:00:07.0: quirk: [io  0x4000-0x403f] claimed by PIIX4 ACPI
[    1.172098] pci 0000:00:07.0: quirk: [io  0x4100-0x410f] claimed by PIIX4 SMB
[    1.192593] ACPI: PCI Interrupt Link [LNKA] (IRQs 5 9 10 *11)
[    1.204758] ACPI: PCI Interrupt Link [LNKB] (IRQs 5 9 *10 11)
[    1.216285] ACPI: PCI Interrupt Link [LNKC] (IRQs 5 *9 10 11)
[    1.225522] ACPI: PCI Interrupt Link [LNKD] (IRQs 5 9 10 *11)
[    1.232104] ACPI: Enabled 2 GPEs in block 00 to 07
[    1.240103] vgaarb: setting as boot device: PCI:0000:00:02.0
[    1.244000] vgaarb: device added: PCI:0000:00:02.0,decodes=io+mem,owns=io+mem,locks=none
[    1.244006] vgaarb: loaded
[    1.248003] vgaarb: bridge control possible 0000:00:02.0
[    1.252362] SCSI subsystem initialized
[    1.256284] ACPI: bus type USB registered
[    1.260094] usbcore: registered new interface driver usbfs
[    1.264053] usbcore: registered new interface driver hub
[    1.268010] usbcore: registered new device driver usb
[    1.276923] PCI: Using ACPI for IRQ routing
[    1.284459] NetLabel: Initializing
[    1.288003] NetLabel:  domain hash size = 128
[    1.292003] NetLabel:  protocols = UNLABELED CIPSOv4
[    1.296045] NetLabel:  unlabeled traffic allowed by default
[    1.304070] amd_nb: Cannot enumerate AMD northbridges
[    1.308338] clocksource: Switched to clocksource kvm-clock
[    1.321213] AppArmor: AppArmor Filesystem Enabled
[    1.321213] pnp: PnP ACPI init
[    1.321213] pnp: PnP ACPI: found 3 devices
[    1.440245] clocksource: acpi_pm: mask: 0xffffff max_cycles: 0xffffff, max_idle_ns: 2085701024 ns
[    1.444163] NET: Registered protocol family 2
[    1.467384] TCP established hash table entries: 8192 (order: 4, 65536 bytes)
[    1.481246] TCP bind hash table entries: 8192 (order: 5, 131072 bytes)
[    1.492308] TCP: Hash tables configured (established 8192 bind 8192)
[    1.495706] UDP hash table entries: 512 (order: 2, 16384 bytes)
[    1.495706] UDP-Lite hash table entries: 512 (order: 2, 16384 bytes)
[    1.495706] NET: Registered protocol family 1
[    1.495706] pci 0000:00:00.0: Limiting direct PCI/PCI transfers
[    1.495706] pci 0000:00:01.0: Activating ISA DMA hang workarounds
[    1.495706] Unpacking initramfs...
[    1.495706] Freeing initrd memory: 14888K
[    1.495706] clocksource: tsc: mask: 0xffffffffffffffff max_cycles: 0x28680e0a5c3, max_idle_ns: 440795346756 ns
[    1.495706] platform rtc_cmos: registered platform RTC device (no PNP device found)
[    1.495706] Scanning for low memory corruption every 60 seconds
[    2.015765] audit: initializing netlink subsys (disabled)
[    2.027483] audit: type=2000 audit(1701248714.102:1): initialized
[    2.041856] Initialise system trusted keyring
[    2.054378] HugeTLB registered 2 MB page size, pre-allocated 0 pages
[    2.066909] zbud: loaded
[    2.072531] VFS: Disk quotas dquot_6.6.0
[    2.080078] VFS: Dquot-cache hash table entries: 512 (order 0, 4096 bytes)
[    2.093804] squashfs: version 4.0 (2009/01/31) Phillip Lougher
[    2.103685] fuse init (API version 7.23)
[    2.109973] Key type big_key registered
[    2.115486] Allocating IMA MOK and blacklist keyrings.
[    2.139606] Key type asymmetric registered
[    2.145907] Asymmetric key parser 'x509' registered
[    2.156879] Block layer SCSI generic (bsg) driver version 0.4 loaded (major 249)
[    2.177968] io scheduler noop registered
[    2.189015] io scheduler deadline registered (default)
[    2.199538] io scheduler cfq registered
[    2.209988] pci_hotplug: PCI Hot Plug PCI Core version: 0.5
[    2.221822] pciehp: PCI Express Hot Plug Controller Driver version: 0.4
[    2.237154] ACPI: AC Adapter [AC] (on-line)
[    2.253745] input: Power Button as /devices/LNXSYSTM:00/LNXPWRBN:00/input/input0
[    2.270859] ACPI: Power Button [PWRF]
[    2.283361] input: Sleep Button as /devices/LNXSYSTM:00/LNXSLPBN:00/input/input1
[    2.296775] ACPI: Sleep Button [SLPF]
[    2.306464] GHES: HEST is not enabled!
[    2.309277] ACPI: Battery Slot [BAT0] (battery present)
[    2.321180] Serial: 8250/16550 driver, 32 ports, IRQ sharing enabled
[    2.360869] 00:02: ttyS0 at I/O 0x3f8 (irq = 4, base_baud = 115200) is a 16550A
[    2.403960] Linux agpgart interface v0.103
[    2.437846] loop: module loaded
[    2.453214] scsi host0: ata_piix
[    2.462499] scsi host1: ata_piix
[    2.468922] ata1: PATA max UDMA/33 cmd 0x1f0 ctl 0x3f6 bmdma 0xd000 irq 14
[    2.472791] ata2: PATA max UDMA/33 cmd 0x170 ctl 0x376 bmdma 0xd008 irq 15
[    2.499344] libphy: Fixed MDIO Bus: probed
[    2.512160] tun: Universal TUN/TAP device driver, 1.6
[    2.524521] tun: (C) 1999-2004 Max Krasnyansky <maxk@qualcomm.com>
[    2.541202] PPP generic driver version 2.4.2
[    2.553651] ehci_hcd: USB 2.0 'Enhanced' Host Controller (EHCI) Driver
[    2.568301] ehci-pci: EHCI PCI platform driver
[    2.578196] ehci-platform: EHCI generic platform driver
[    2.586413] ohci_hcd: USB 1.1 'Open' Host Controller (OHCI) Driver
[    2.596184] ohci-pci: OHCI PCI platform driver
[    2.602841] ohci-platform: OHCI generic platform driver
[    2.608120] uhci_hcd: USB Universal Host Controller Interface driver
[    2.613492] i8042: PNP: PS/2 Controller [PNP0303:PS2K,PNP0f03:PS2M] at 0x60,0x64 irq 1,12
[    2.623194] serio: i8042 KBD port at 0x60,0x64 irq 1
[    2.625592] serio: i8042 AUX port at 0x60,0x64 irq 12
[    2.642173] mousedev: PS/2 mouse device common for all mice
[    2.687740] input: AT Translated Set 2 keyboard as /devices/platform/i8042/serio0/input/input2
[    2.706312] rtc_cmos rtc_cmos: rtc core: registered rtc_cmos as rtc0
[    2.721620] rtc_cmos rtc_cmos: alarms up to one day, 114 bytes nvram
[    2.735208] i2c /dev entries driver
[    2.742693] device-mapper: uevent: version 1.0.3
[    2.751995] device-mapper: ioctl: 4.34.0-ioctl (2015-10-28) initialised: dm-devel@redhat.com
[    2.762975] ledtrig-cpu: registered to indicate activity on CPUs
[    2.772719] NET: Registered protocol family 10
[    2.784392] NET: Registered protocol family 17
[    2.794148] Key type dns_resolver registered
[    2.809673] registered taskstats version 1
[    2.820656] Loading compiled-in X.509 certificates
[    2.838055] Loaded X.509 cert 'Build time autogenerated kernel key: cf00e047681d67edb2720680708b7d9498083038'
[    2.850470] zswap: loaded using pool lzo/zbud
[    2.863868] Key type trusted registered
[    2.879819] Key type encrypted registered
[    2.889089] AppArmor: AppArmor sha1 policy hashing enabled
[    2.901078] ima: No TPM chip found, activating TPM-bypass!
[    2.913302] ima: Allocated hash algorithm: sha1
[    2.923414] evm: HMAC attrs: 0x1
[    2.932433]   Magic number: 15:676:71
[    2.940846] rtc_cmos rtc_cmos: setting system clock to 2023-11-29 09:05:11 UTC (1701248711)
[    2.950392] BIOS EDD facility v0.16 2004-Jun-25, 0 devices found
[    2.958132] EDD information not available.
[    2.969959] Freeing unused kernel memory: 1492K
[    2.997962] Write protecting the kernel read-only data: 14336k
[    3.003579] Freeing unused kernel memory: 1584K
[    3.007562] Freeing unused kernel memory: 52K
Loading, please wait...
starting version 229
[    3.040393] random: systemd-udevd: uninitialized urandom read (16 bytes read, 11 bits of entropy available)
[    3.042396] random: udevadm: uninitialized urandom read (16 bytes read, 11 bits of entropy available)
[    3.042473] random: udevadm: uninitialized urandom read (16 bytes read, 11 bits of entropy available)
[    3.058065] random: udevadm: uninitialized urandom read (16 bytes read, 11 bits of entropy available)
[    3.058156] random: udevadm: uninitialized urandom read (16 bytes read, 11 bits of entropy available)
[    3.058393] random: udevadm: uninitialized urandom read (16 bytes read, 11 bits of entropy available)
[    3.058475] random: udevadm: uninitialized urandom read (16 bytes read, 11 bits of entropy available)
[    3.058606] random: udevadm: uninitialized urandom read (16 bytes read, 11 bits of entropy available)
[    3.058699] random: udevadm: uninitialized urandom read (16 bytes read, 11 bits of entropy available)
[    3.058754] random: udevadm: uninitialized urandom read (16 bytes read, 11 bits of entropy available)
[    3.268422] e1000: Intel(R) PRO/1000 Network Driver - version 7.3.21-k8-NAPI
[    3.279699] e1000: Copyright (c) 1999-2006 Intel Corporation.
[    3.315540] Fusion MPT base driver 3.04.20
[    3.321034] Copyright (c) 1999-2008 LSI Corporation
[    3.402102] SSE version of gcm_enc/dec engaged.
[    3.432712] Fusion MPT SPI Host driver 3.04.20
[    3.648285] input: ImExPS/2 Generic Explorer Mouse as /devices/platform/i8042/serio1/input/input4
[    4.453421] e1000 0000:00:03.0 eth0: (PCI:33MHz:32-bit) 02:be:82:6b:cc:1d
[    4.463625] e1000 0000:00:03.0 eth0: Intel(R) PRO/1000 Network Connection
[    4.476908] mptbase: ioc0: Initiating bringup
[    4.866679] ioc0: LSI53C1030 A0: Capabilities={Initiator}
[    5.456970] scsi host2: ioc0: LSI53C1030 A0, FwRev=00000000h, Ports=1, MaxQ=256, IRQ=20
[    5.621623] scsi 2:0:0:0: Direct-Access     VBOX     HARDDISK         1.0  PQ: 0 ANSI: 5
[    5.642375] scsi target2:0:0: Beginning Domain Validation
[    5.665867] scsi target2:0:0: Domain Validation skipping write tests
[    5.686118] scsi target2:0:0: Ending Domain Validation
[    5.696262] scsi target2:0:0: asynchronous
[    5.709091] scsi 2:0:1:0: Direct-Access     VBOX     HARDDISK         1.0  PQ: 0 ANSI: 5
[    5.721460] scsi target2:0:1: Beginning Domain Validation
[    5.744638] scsi target2:0:1: Domain Validation skipping write tests
[    5.757145] scsi target2:0:1: Ending Domain Validation
[    5.769689] scsi target2:0:1: asynchronous
[    5.803610] sd 2:0:0:0: Attached scsi generic sg0 type 0
[    5.813857] sd 2:0:0:0: [sda] 83886080 512-byte logical blocks: (42.9 GB/40.0 GiB)
[    5.830917] sd 2:0:1:0: Attached scsi generic sg1 type 0
[    5.849854] sd 2:0:0:0: [sda] Write Protect is off
[    5.849844] sd 2:0:1:0: [sdb] 20480 512-byte logical blocks: (10.5 MB/10.0 MiB)
[    5.889114] sd 2:0:1:0: [sdb] Write Protect is off
[    5.896460] sd 2:0:0:0: [sda] Incomplete mode parameter data
[    5.904837] sd 2:0:0:0: [sda] Assuming drive cache: write through
[    5.913857] sd 2:0:1:0: [sdb] Incomplete mode parameter data
[    5.925922] sd 2:0:1:0: [sdb] Assuming drive cache: write through
[    5.944878]  sda: sda1
[    5.964759] sd 2:0:0:0: [sda] Attached SCSI disk
[    5.973151] sd 2:0:1:0: [sdb] Attached SCSI disk
[    6.491899] e1000 0000:00:08.0 eth1: (PCI:33MHz:32-bit) 08:00:27:2b:9d:bb
[    6.502792] e1000 0000:00:08.0 eth1: Intel(R) PRO/1000 Network Connection
[    6.514756] e1000 0000:00:03.0 enp0s3: renamed from eth0
[    6.545686] e1000 0000:00:08.0 enp0s8: renamed from eth1
Begin: Loading essential drivers ... [    8.279577] md: linear personality registered for level -1
[    8.303523] md: multipath personality registered for level -4
[    8.314782] md: raid0 personality registered for level 0
[    8.348525] md: raid1 personality registered for level 1
[    8.433211] raid6: sse2x1   gen()  9934 MB/s
[    8.504111] raid6: sse2x1   xor()  5868 MB/s
[    8.580522] raid6: sse2x2   gen() 12420 MB/s
[    8.652320] raid6: sse2x2   xor()  9187 MB/s
[    8.724421] raid6: sse2x4   gen() 10987 MB/s
[    8.800414] raid6: sse2x4   xor() 10323 MB/s
[    8.811380] raid6: using algorithm sse2x2 gen() 12420 MB/s
[    8.822655] raid6: .... xor() 9187 MB/s, rmw enabled
[    8.831383] raid6: using ssse3x2 recovery algorithm
[    8.845421] xor: measuring software checksum speed
